  Identification des projets ├á restaurer...
C:\Users\Mael\Documents\GitHub\jellyfin-plugin-poster-rotator-1\src\Jellyfin.Plugin.PosterRotator\Jellyfin.Plugin.PosterRotator.csproj : error NU1202: Le package Jellyfin.Model 10.11.0 n'est pas compatible avec net8.0 (.NETCoreApp,Version=v8.0). Le package Jellyfin.Model 10.11.0 prend en charge┬á: net9.0 (.NETCoreApp,Version=v9.0)
C:\Users\Mael\Documents\GitHub\jellyfin-plugin-poster-rotator-1\src\Jellyfin.Plugin.PosterRotator\Jellyfin.Plugin.PosterRotator.csproj : error NU1202: Le package Jellyfin.Controller 10.11.0 n'est pas compatible avec net8.0 (.NETCoreApp,Version=v8.0). Le package Jellyfin.Controller 10.11.0 prend en charge┬á: net9.0 (.NETCoreApp,Version=v9.0)
C:\Users\Mael\Documents\GitHub\jellyfin-plugin-poster-rotator-1\src\Jellyfin.Plugin.PosterRotator\Jellyfin.Plugin.PosterRotator.csproj : error NU1202: Le package Jellyfin.Common 10.11.0 n'est pas compatible avec net8.0 (.NETCoreApp,Version=v8.0). Le package Jellyfin.Common 10.11.0 prend en charge┬á: net9.0 (.NETCoreApp,Version=v9.0)
C:\Users\Mael\Documents\GitHub\jellyfin-plugin-poster-rotator-1\src\Jellyfin.Plugin.PosterRotator\Jellyfin.Plugin.PosterRotator.csproj : error NU1202: Le package Jellyfin.Extensions 10.11.0 n'est pas compatible avec net8.0 (.NETCoreApp,Version=v8.0). Le package Jellyfin.Extensions 10.11.0 prend en charge┬á: net9.0 (.NETCoreApp,Version=v9.0)
  ├ëchec de la restauration de C:\Users\Mael\Documents\GitHub\jellyfin-plugin-poster-rotator-1\src\Jellyfin.Plugin.PosterRotator\Jellyfin.Plugin.PosterRotator.csproj (en 358 ms).

├ëCHEC de la build.

C:\Users\Mael\Documents\GitHub\jellyfin-plugin-poster-rotator-1\src\Jellyfin.Plugin.PosterRotator\Jellyfin.Plugin.PosterRotator.csproj : error NU1202: Le package Jellyfin.Model 10.11.0 n'est pas compatible avec net8.0 (.NETCoreApp,Version=v8.0). Le package Jellyfin.Model 10.11.0 prend en charge┬á: net9.0 (.NETCoreApp,Version=v9.0)
C:\Users\Mael\Documents\GitHub\jellyfin-plugin-poster-rotator-1\src\Jellyfin.Plugin.PosterRotator\Jellyfin.Plugin.PosterRotator.csproj : error NU1202: Le package Jellyfin.Controller 10.11.0 n'est pas compatible avec net8.0 (.NETCoreApp,Version=v8.0). Le package Jellyfin.Controller 10.11.0 prend en charge┬á: net9.0 (.NETCoreApp,Version=v9.0)
C:\Users\Mael\Documents\GitHub\jellyfin-plugin-poster-rotator-1\src\Jellyfin.Plugin.PosterRotator\Jellyfin.Plugin.PosterRotator.csproj : error NU1202: Le package Jellyfin.Common 10.11.0 n'est pas compatible avec net8.0 (.NETCoreApp,Version=v8.0). Le package Jellyfin.Common 10.11.0 prend en charge┬á: net9.0 (.NETCoreApp,Version=v9.0)
C:\Users\Mael\Documents\GitHub\jellyfin-plugin-poster-rotator-1\src\Jellyfin.Plugin.PosterRotator\Jellyfin.Plugin.PosterRotator.csproj : error NU1202: Le package Jellyfin.Extensions 10.11.0 n'est pas compatible avec net8.0 (.NETCoreApp,Version=v8.0). Le package Jellyfin.Extensions 10.11.0 prend en charge┬á: net9.0 (.NETCoreApp,Version=v9.0)
    0 Avertissement(s)
    4 Erreur(s)

Temps ├®coul├® 00:00:01.59
